// Jest Snapshot v1, https://goo.gl/fbAQLP

exports[`matches snapshot 1`] = `
<button
  aria-label={null}
  className="btn btn-secondary"
  data-testid="button"
  onClick={[Function]}
>
  log in
</button>
`;
